Archive member included to satisfy reference by file (symbol)

..\..\..\..\..\..\..\..\..\..\..\Program Files (x86)\GNU Tools ARM Embedded\5.4 2016q3\arm-none-eabi\lib\armv6-m\libc.a(lib_a-exit.o)
                              c:/program files (x86)/gnu tools arm embedded/5.4 2016q3/bin/../lib/gcc/arm-none-eabi/5.4.1/../../../../arm-none-eabi/lib/armv6-m/crt0.o (exit)
..\..\..\..\..\..\..\..\..\..\..\Program Files (x86)\GNU Tools ARM Embedded\5.4 2016q3\arm-none-eabi\lib\armv6-m\libc.a(lib_a-impure.o)
                              ..\..\..\..\..\..\..\..\..\..\..\Program Files (x86)\GNU Tools ARM Embedded\5.4 2016q3\arm-none-eabi\lib\armv6-m\libc.a(lib_a-exit.o) (_global_impure_ptr)
..\..\..\..\..\..\..\..\..\..\..\Program Files (x86)\GNU Tools ARM Embedded\5.4 2016q3\arm-none-eabi\lib\armv6-m\libc.a(lib_a-init.o)
                              c:/program files (x86)/gnu tools arm embedded/5.4 2016q3/bin/../lib/gcc/arm-none-eabi/5.4.1/../../../../arm-none-eabi/lib/armv6-m/crt0.o (__libc_init_array)
..\..\..\..\..\..\..\..\..\..\..\Program Files (x86)\GNU Tools ARM Embedded\5.4 2016q3\arm-none-eabi\lib\armv6-m\libc.a(lib_a-memset.o)
                              c:/program files (x86)/gnu tools arm embedded/5.4 2016q3/bin/../lib/gcc/arm-none-eabi/5.4.1/../../../../arm-none-eabi/lib/armv6-m/crt0.o (memset)
..\..\..\..\..\..\..\..\..\..\..\Program Files (x86)\GNU Tools ARM Embedded\5.4 2016q3\arm-none-eabi\lib\armv6-m\libc.a(lib_a-__call_atexit.o)
                              ..\..\..\..\..\..\..\..\..\..\..\Program Files (x86)\GNU Tools ARM Embedded\5.4 2016q3\arm-none-eabi\lib\armv6-m\libc.a(lib_a-exit.o) (__call_exitprocs)
..\..\..\..\..\..\..\..\..\..\..\Program Files (x86)\GNU Tools ARM Embedded\5.4 2016q3\arm-none-eabi\lib\armv6-m\libc.a(lib_a-atexit.o)
                              ..\..\..\..\..\..\..\..\..\..\..\Program Files (x86)\GNU Tools ARM Embedded\5.4 2016q3\arm-none-eabi\lib\armv6-m\libc.a(lib_a-__call_atexit.o) (atexit)
..\..\..\..\..\..\..\..\..\..\..\Program Files (x86)\GNU Tools ARM Embedded\5.4 2016q3\arm-none-eabi\lib\armv6-m\libc.a(lib_a-fini.o)
                              ..\..\..\..\..\..\..\..\..\..\..\Program Files (x86)\GNU Tools ARM Embedded\5.4 2016q3\arm-none-eabi\lib\armv6-m\libc.a(lib_a-__call_atexit.o) (__libc_fini_array)
..\..\..\..\..\..\..\..\..\..\..\Program Files (x86)\GNU Tools ARM Embedded\5.4 2016q3\arm-none-eabi\lib\armv6-m\libc.a(lib_a-__atexit.o)
                              ..\..\..\..\..\..\..\..\..\..\..\Program Files (x86)\GNU Tools ARM Embedded\5.4 2016q3\arm-none-eabi\lib\armv6-m\libc.a(lib_a-atexit.o) (__register_exitproc)
..\..\..\..\..\..\..\..\..\..\..\Program Files (x86)\GNU Tools ARM Embedded\5.4 2016q3\arm-none-eabi\lib\armv6-m\libm.a(lib_a-wf_asin.o)
                              ..\obj\Quaternion.o (asinf)
..\..\..\..\..\..\..\..\..\..\..\Program Files (x86)\GNU Tools ARM Embedded\5.4 2016q3\arm-none-eabi\lib\armv6-m\libm.a(lib_a-wf_atan2.o)
                              ..\obj\Quaternion.o (atan2f)
..\..\..\..\..\..\..\..\..\..\..\Program Files (x86)\GNU Tools ARM Embedded\5.4 2016q3\arm-none-eabi\lib\armv6-m\libm.a(lib_a-wf_sqrt.o)
                              ..\obj\Quaternion.o (sqrtf)
..\..\..\..\..\..\..\..\..\..\..\Program Files (x86)\GNU Tools ARM Embedded\5.4 2016q3\arm-none-eabi\lib\armv6-m\libm.a(lib_a-ef_asin.o)
                              ..\..\..\..\..\..\..\..\..\..\..\Program Files (x86)\GNU Tools ARM Embedded\5.4 2016q3\arm-none-eabi\lib\armv6-m\libm.a(lib_a-wf_asin.o) (__ieee754_asinf)
..\..\..\..\..\..\..\..\..\..\..\Program Files (x86)\GNU Tools ARM Embedded\5.4 2016q3\arm-none-eabi\lib\armv6-m\libm.a(lib_a-ef_atan2.o)
                              ..\..\..\..\..\..\..\..\..\..\..\Program Files (x86)\GNU Tools ARM Embedded\5.4 2016q3\arm-none-eabi\lib\armv6-m\libm.a(lib_a-wf_atan2.o) (__ieee754_atan2f)
..\..\..\..\..\..\..\..\..\..\..\Program Files (x86)\GNU Tools ARM Embedded\5.4 2016q3\arm-none-eabi\lib\armv6-m\libm.a(lib_a-ef_sqrt.o)
                              ..\..\..\..\..\..\..\..\..\..\..\Program Files (x86)\GNU Tools ARM Embedded\5.4 2016q3\arm-none-eabi\lib\armv6-m\libm.a(lib_a-wf_sqrt.o) (__ieee754_sqrtf)
..\..\..\..\..\..\..\..\..\..\..\Program Files (x86)\GNU Tools ARM Embedded\5.4 2016q3\arm-none-eabi\lib\armv6-m\libm.a(lib_a-s_lib_ver.o)
                              ..\..\..\..\..\..\..\..\..\..\..\Program Files (x86)\GNU Tools ARM Embedded\5.4 2016q3\arm-none-eabi\lib\armv6-m\libm.a(lib_a-wf_asin.o) (__fdlib_version)
..\..\..\..\..\..\..\..\..\..\..\Program Files (x86)\GNU Tools ARM Embedded\5.4 2016q3\arm-none-eabi\lib\armv6-m\libm.a(lib_a-s_matherr.o)
                              ..\..\..\..\..\..\..\..\..\..\..\Program Files (x86)\GNU Tools ARM Embedded\5.4 2016q3\arm-none-eabi\lib\armv6-m\libm.a(lib_a-wf_asin.o) (matherr)
..\..\..\..\..\..\..\..\..\..\..\Program Files (x86)\GNU Tools ARM Embedded\5.4 2016q3\arm-none-eabi\lib\armv6-m\libm.a(lib_a-s_nan.o)
[...]
Memory Configuration

Name             Origin             Length             Attributes
rom              0x08000000         0x00040000         xr
ram              0x20000000         0x0000a000         xrw
ram1             0x10000000         0x00002000         xrw
*default*        0x00000000         0xffffffff

Linker script and memory map

LOAD c:/program files (x86)/gnu tools arm embedded/5.4 2016q3/bin/../lib/gcc/arm-none-eabi/5.4.1/armv6-m/crti.o
LOAD c:/program files (x86)/gnu tools arm embedded/5.4 2016q3/bin/../lib/gcc/arm-none-eabi/5.4.1/armv6-m/crtbegin.o
LOAD c:/program files (x86)/gnu tools arm embedded/5.4 2016q3/bin/../lib/gcc/arm-none-eabi/5.4.1/../../../../arm-none-eabi/lib/armv6-m/crt0.o
LOAD c:/program files (x86)/gnu tools arm embedded/5.4 2016q3/bin/../lib/gcc/arm-none-eabi/5.4.1/armv6-m\libgcc.a
LOAD ..\..\..\..\..\..\..\..\..\..\..\Program Files (x86)\GNU Tools ARM Embedded\5.4 2016q3\arm-none-eabi\lib\armv6-m\libc.a
LOAD ..\..\..\..\..\..\..\..\..\..\..\Program Files (x86)\GNU Tools ARM Embedded\5.4 2016q3\arm-none-eabi\lib\armv6-m\libm.a
                0x2000a000                _eram = 0x2000a000

.text           0x08000000     0x4968
 *(.isr_vector .isr_vector.*)
 .isr_vector    0x08000000      0x188 ..\obj\startup_stm32f30x.o
                0x08000000                g_pfnVectors
 *(.text .text.* .gnu.linkonce.t.*)
 .text.Standard_GetConfiguration
                0x08000188       0x40 ..\obj\usb_core.o
                0x08000188                Standard_GetConfiguration
 .text.Standard_SetConfiguration
                0x080001c8       0x54 ..\obj\usb_core.o
                0x080001c8                Standard_SetConfiguration
 .text.Standard_GetInterface
                0x0800021c       0x40 ..\obj\usb_core.o
                0x0800021c                Standard_GetInterface
 .text.Standard_SetInterface
                0x0800025c       0x90 ..\obj\usb_core.o
                0x0800025c                Standard_SetInterface
 .text.Standard_GetStatus
                0x080002ec      0x168 ..\obj\usb_core.o
                0x080002ec                Standard_GetStatus
 .text.Standard_ClearFeature
                0x08000454      0x1dc ..\obj\usb_core.o
                0x08000454                Standard_ClearFeature
 .text.Standard_SetEndPointFeature
                0x08000630      0x114 ..\obj\usb_core.o
                0x08000630                Standard_SetEndPointFeature
 .text.Standard_SetDeviceFeature
                0x08000744       0x30 ..\obj\usb_core.o
                0x08000744                Standard_SetDeviceFeature
 .text.Standard_GetDescriptorData
                0x08000774       0x48 ..\obj\usb_core.o
                0x08000774                Standard_GetDescriptorData
 .text.DataStageOut
                0x080007bc      0x104 ..\obj\usb_core.o
 .text.DataStageIn
                0x080008c0      0x10c ..\obj\usb_core.o
 .text.NoData_Setup0
                0x080009cc      0x1d4 ..\obj\usb_core.o
 .text.Data_Setup0
                0x08000ba0      0x354 ..\obj\usb_core.o
 .text.Setup0_Process
                0x08000ef4       0xe4 ..\obj\usb_core.o
                0x08000ef4                Setup0_Process
 .text.In0_Process
                0x08000fd8       0x90 ..\obj\usb_core.o
                0x08000fd8                In0_Process
 .text.Out0_Process
                0x08001068       0x74 ..\obj\usb_core.o
                0x08001068                Out0_Process
 .text.Post0_Process
                0x080010dc       0x50 ..\obj\usb_core.o
                0x080010dc                Post0_Process
 .text.SetDeviceAddress
                0x0800112c       0x80 ..\obj\usb_core.o
                0x0800112c                SetDeviceAddress
 .text.NOP_Process
                0x080011ac        0xc ..\obj\usb_core.o
                0x080011ac                NOP_Process
 .text.RCC_USBCLKConfig
                0x080011b8       0x1c ..\obj\stm32f30x_rcc.o
                0x080011b8                RCC_USBCLKConfig
 .text.RCC_AHBPeriphClockCmd
                0x080011d4       0x40 ..\obj\stm32f30x_rcc.o
                0x080011d4                RCC_AHBPeriphClockCmd
 .text.RCC_APB2PeriphClockCmd
                0x08001214       0x40 ..\obj\stm32f30x_rcc.o
                0x08001214                RCC_APB2PeriphClockCmd
 .text.RCC_APB1PeriphClockCmd
                0x08001254       0x40 ..\obj\stm32f30x_rcc.o
                0x08001254                RCC_APB1PeriphClockCmd
 .text.SystemInit
                0x08001294       0x8c ..\obj\system_stm32f30x.o
                0x08001294                SystemInit
 .text.SetSysClock
                0x08001320       0xf0 ..\obj\system_stm32f30x.o
 .text.NVIC_EnableIRQ
                0x08001410       0x38 ..\obj\Periph_init.o
 .text.TIM1_init
                0x08001448       0xe0 ..\obj\Periph_init.o
                0x08001448                TIM1_init
 .text.LED_config
                0x08001528       0x60 ..\obj\Periph_init.o
                0x08001528                LED_config
 .text.SPI_init
                0x08001588      0x2c8 ..\obj\Periph_init.o
                0x08001588                SPI_init
 .text.Ext_int_IRQ
                0x08001850       0xf4 ..\obj\Periph_init.o
                0x08001850                Ext_int_IRQ
 .text.CTR_LP   0x08001944      0x340 ..\obj\usb_int.o
                0x08001944                CTR_LP
 .text.CTR_HP   0x08001c84       0xec ..\obj\usb_int.o
                0x08001c84                CTR_HP
 .text.SetBTABLE
                0x08001d70       0x28 ..\obj\usb_regs.o
                0x08001d70                SetBTABLE
 .text.GetENDPOINT
                0x08001d98       0x28 ..\obj\usb_regs.o
                0x08001d98                GetENDPOINT
 .text.SetEPType
                0x08001dc0       0x54 ..\obj\usb_regs.o
                0x08001dc0                SetEPType
 .text.SetEPTxStatus
                0x08001e14       0x78 ..\obj\usb_regs.o
                0x08001e14                SetEPTxStatus
 .text.SetEPRxStatus
                0x08001e8c       0x80 ..\obj\usb_regs.o
                0x08001e8c                SetEPRxStatus
 .text.SetEPRxValid
                0x08001f0c       0x5c ..\obj\usb_regs.o
                0x08001f0c                SetEPRxValid
 .text.Clear_Status_Out
                0x08001f68       0x4c ..\obj\usb_regs.o
                0x08001f68                Clear_Status_Out
 .text.ToggleDTOG_RX
                0x08001fb4       0x48 ..\obj\usb_regs.o
                0x08001fb4                ToggleDTOG_RX
 .text.ClearDTOG_RX
                0x08001ffc       0x64 ..\obj\usb_regs.o
                0x08001ffc                ClearDTOG_RX
 .text.ClearDTOG_TX
                0x08002060       0x60 ..\obj\usb_regs.o
                0x08002060                ClearDTOG_TX
 .text.SetEPTxAddr
                0x080020c0       0x48 ..\obj\usb_regs.o
                0x080020c0                SetEPTxAddr
 .text.SetEPRxAddr
                0x08002108       0x48 ..\obj\usb_regs.o
                0x08002108                SetEPRxAddr
 .text.GetEPTxAddr
                0x08002150       0x38 ..\obj\usb_regs.o
                0x08002150                GetEPTxAddr
 .text.GetEPRxAddr
                0x08002188       0x38 ..\obj\usb_regs.o
                0x08002188                GetEPRxAddr
 .text.SetEPTxCount
                0x080021c0       0x40 ..\obj\usb_regs.o
                0x080021c0                SetEPTxCount
 .text.SetEPRxCount
                0x08002200       0xb0 ..\obj\usb_regs.o
                0x08002200                SetEPRxCount
 .text.SetEPDblBuffAddr
                0x080022b0       0x7c ..\obj\usb_regs.o
                0x080022b0                SetEPDblBuffAddr
 .text.SetEPDblBuffCount
                0x0800232c      0x1b0 ..\obj\usb_regs.o
                0x0800232c                SetEPDblBuffCount
 .text.ByteSwap
                0x080024dc       0x44 ..\obj\usb_regs.o
                0x080024dc                ByteSwap
 .text.Set_System
                0x08002520       0xc0 ..\obj\hw_config.o
                0x08002520                Set_System
 .text.Set_USBClock
                0x080025e0       0x1c ..\obj\hw_config.o
                0x080025e0                Set_USBClock
 .text.Leave_LowPowerMode
                0x080025fc       0x34 ..\obj\hw_config.o
                0x080025fc                Leave_LowPowerMode
 .text.USB_Config
                0x08002630       0x58 ..\obj\hw_config.o
                0x08002630                USB_Config
 .text.USB_Cable_Config
                0x08002688       0x14 ..\obj\hw_config.o
                0x08002688                USB_Cable_Config
 .text.Get_SerialNum
                0x0800269c       0x5c ..\obj\hw_config.o
                0x0800269c                Get_SerialNum
 .text.IntToUnicode
                0x080026f8       0x9c ..\obj\hw_config.o
 .text.MICROPHONE_init
                0x08002794       0x2c ..\obj\usb_prop.o
                0x08002794                MICROPHONE_init
 .text.MICROPHONE_Reset
                0x080027c0       0xe0 ..\obj\usb_prop.o
                0x080027c0                MICROPHONE_Reset
 .text.MICROPHONE_SetConfiguration
                0x080028a0       0x28 ..\obj\usb_prop.o
                0x080028a0                MICROPHONE_SetConfiguration
 .text.MICROPHONE_SetDeviceAddress
                0x080028c8       0x14 ..\obj\usb_prop.o
                0x080028c8                MICROPHONE_SetDeviceAddress
 .text.MICROPHONE_Status_In
                0x080028dc        0xc ..\obj\usb_prop.o
                0x080028dc                MICROPHONE_Status_In
 .text.MICROPHONE_Status_Out
                0x080028e8        0xc ..\obj\usb_prop.o
                0x080028e8                MICROPHONE_Status_Out
 .text.MICROPHONE_Data_Setup
                0x080028f4       0x50 ..\obj\usb_prop.o
                0x080028f4                MICROPHONE_Data_Setup
 .text.MICROPHONE_NoData_Setup
                0x08002944       0x18 ..\obj\usb_prop.o
                0x08002944                MICROPHONE_NoData_Setup
 .text.MICROPHONE_GetDeviceDescriptor
                0x0800295c       0x28 ..\obj\usb_prop.o
                0x0800295c                MICROPHONE_GetDeviceDescriptor
 .text.MICROPHONE_GetConfigDescriptor
                0x08002984       0x28 ..\obj\usb_prop.o
                0x08002984                MICROPHONE_GetConfigDescriptor
 .text.MICROPHONE_GetStringDescriptor
                0x080029ac       0x50 ..\obj\usb_prop.o
                0x080029ac                MICROPHONE_GetStringDescriptor
 .text.MICROPHONE_Get_Interface_Setting
                0x080029fc       0x34 ..\obj\usb_prop.o
                0x080029fc                MICROPHONE_Get_Interface_Setting
 .text.Mute_Command
                0x08002a30       0x38 ..\obj\usb_prop.o
                0x08002a30                Mute_Command
 .text.GPIO_Init
                0x08002a68      0x128 ..\obj\stm32f30x_gpio.o
                0x08002a68                GPIO_Init
 .text.GPIO_ReadInputDataBit
                0x08002b90       0x48 ..\obj\stm32f30x_gpio.o
                0x08002b90                GPIO_ReadInputDataBit
 .text.GPIO_SetBits
                0x08002bd8       0x20 ..\obj\stm32f30x_gpio.o
                0x08002bd8                GPIO_SetBits
 .text.GPIO_ResetBits
                0x08002bf8       0x20 ..\obj\stm32f30x_gpio.o
                0x08002bf8                GPIO_ResetBits
 .text.GPIO_PinAFConfig
                0x08002c18       0xa4 ..\obj\stm32f30x_gpio.o
                0x08002c18                GPIO_PinAFConfig
 .text.PowerOn  0x08002cbc       0x54 ..\obj\usb_pwr.o
                0x08002cbc                PowerOn
 .text.Suspend  0x08002d10      0x19c ..\obj\usb_pwr.o
                0x08002d10                Suspend
 .text.Resume_Init
                0x08002eac       0x3c ..\obj\usb_pwr.o
                0x08002eac                Resume_Init
 .text.Resume   0x08002ee8      0x130 ..\obj\usb_pwr.o
                0x08002ee8                Resume
 .text.USB_Init
                0x08003018       0x44 ..\obj\usb_init.o
                0x08003018                USB_Init
 .text.NVIC_EnableIRQ
                0x0800305c       0x38 ..\obj\main.o
 .text.NVIC_SetPriority
                0x08003094       0x60 ..\obj\main.o
 .text.SysTick_Config
                0x080030f4       0x4c ..\obj\main.o
 .text.delay_ms
                0x08003140       0x2c ..\obj\main.o
                0x08003140                delay_ms
 .text.Enable_interrupts
                0x0800316c       0xb8 ..\obj\main.o
                0x0800316c                Enable_interrupts
 .text.Init_SPI1_buffer
                0x08003224       0x1c ..\obj\main.o
                0x08003224                Init_SPI1_buffer
 .text.main     0x08003240      0x16c ..\obj\main.o
                0x08003240                main
 .text.DMA_Init
                0x080033ac       0x7c ..\obj\stm32f30x_dma.o
                0x080033ac                DMA_Init
 .text.DMA_Cmd  0x08003428       0x3c ..\obj\stm32f30x_dma.o
                0x08003428                DMA_Cmd
 .text.DMA_SetCurrDataCounter
                0x08003464       0x20 ..\obj\stm32f30x_dma.o
                0x08003464                DMA_SetCurrDataCounter
 .text.DMA_ITConfig
                0x08003484       0x3c ..\obj\stm32f30x_dma.o
                0x08003484                DMA_ITConfig
 .text.DMA_GetFlagStatus
                0x080034c0       0x5c ..\obj\stm32f30x_dma.o
                0x080034c0                DMA_GetFlagStatus
 .text.DMA_ClearITPendingBit
                0x0800351c       0x30 ..\obj\stm32f30x_dma.o
                0x0800351c                DMA_ClearITPendingBit
 .text.EXTI_Init
                0x0800354c      0x208 ..\obj\stm32f30x_exti.o
                0x0800354c                EXTI_Init
 .text.EXTI_ClearITPendingBit
                0x08003754       0x30 ..\obj\stm32f30x_exti.o
                0x08003754                EXTI_ClearITPendingBit
 .text.SPI_Init
                0x08003784      0x184 ..\obj\stm32f30x_spi.o
                0x08003784                SPI_Init
 .text.SPI_Cmd  0x08003908       0x40 ..\obj\stm32f30x_spi.o
                0x08003908                SPI_Cmd
 .text.SPI_I2S_DMACmd
                0x08003948       0x54 ..\obj\stm32f30x_spi.o
                0x08003948                SPI_I2S_DMACmd
 .text.SPI_I2S_GetFlagStatus
                0x0800399c       0x48 ..\obj\stm32f30x_spi.o
                0x0800399c                SPI_I2S_GetFlagStatus
 .text.USB_SIL_Init
                0x080039e4       0x30 ..\obj\usb_sil.o
                0x080039e4                USB_SIL_Init
 .text.NVIC_PriorityGroupConfig
                0x08003a14       0x24 ..\obj\stm32f30x_misc.o
                0x08003a14                NVIC_PriorityGroupConfig
 .text.NVIC_Init
                0x08003a38       0xcc ..\obj\stm32f30x_misc.o
                0x08003a38                NVIC_Init
 .text.TIM_TimeBaseInit
                0x08003b04      0x11c ..\obj\stm32f30x_tim.o
                0x08003b04                TIM_TimeBaseInit
 .text.TIM_SetCounter
                0x08003c20       0x18 ..\obj\stm32f30x_tim.o
                0x08003c20                TIM_SetCounter
 .text.TIM_Cmd  0x08003c38       0x40 ..\obj\stm32f30x_tim.o
                0x08003c38                TIM_Cmd
 .text.TIM_ITConfig
                0x08003c78       0x4c ..\obj\stm32f30x_tim.o
                0x08003c78                TIM_ITConfig
 .text.TIM_GetITStatus
                0x08003cc4       0x80 ..\obj\stm32f30x_tim.o
                0x08003cc4                TIM_GetITStatus
 .text.TIM_ClearITPendingBit
                0x08003d44       0x24 ..\obj\stm32f30x_tim.o
                0x08003d44                TIM_ClearITPendingBit
 .text.NMI_Handler
                0x08003d68        0xc ..\obj\stm32_it.o
                0x08003d68                NMI_Handler
 .text.HardFault_Handler
                0x08003d74        0x8 ..\obj\stm32_it.o
                0x08003d74                HardFault_Handler
 .text.MemManage_Handler
                0x08003d7c        0x8 ..\obj\stm32_it.o
                0x08003d7c                MemManage_Handler
 .text.BusFault_Handler
                0x08003d84        0x8 ..\obj\stm32_it.o
                0x08003d84                BusFault_Handler
 .text.UsageFault_Handler
                0x08003d8c        0x8 ..\obj\stm32_it.o
                0x08003d8c                UsageFault_Handler
 .text.SVC_Handler
                0x08003d94        0xc ..\obj\stm32_it.o
                0x08003d94                SVC_Handler
 .text.DebugMon_Handler
                0x08003da0        0xc ..\obj\stm32_it.o
                0x08003da0                DebugMon_Handler
 .text.PendSV_Handler
                0x08003dac        0xc ..\obj\stm32_it.o
                0x08003dac                PendSV_Handler
 .text.USB_LP_CAN1_RX0_IRQHandler
                0x08003db8       0x10 ..\obj\stm32_it.o
                0x08003db8                USB_LP_CAN1_RX0_IRQHandler
 .text.USB_HP_CAN1_TX_IRQHandler
                0x08003dc8       0x10 ..\obj\stm32_it.o
                0x08003dc8                USB_HP_CAN1_TX_IRQHandler
 .text.USBWakeUp_IRQHandler
                0x08003dd8       0x10 ..\obj\stm32_it.o
                0x08003dd8                USBWakeUp_IRQHandler
 .text.USB_HP_IRQHandler
                0x08003de8       0x10 ..\obj\stm32_it.o
                0x08003de8                USB_HP_IRQHandler
 .text.DMA1_Channel3_IRQHandler
                0x08003df8       0x60 ..\obj\stm32_it.o
                0x08003df8                DMA1_Channel3_IRQHandler
 .text.DMA1_Channel2_IRQHandler
                0x08003e58       0x34 ..\obj\stm32_it.o
                0x08003e58                DMA1_Channel2_IRQHandler
 .text.TIM4_IRQHandler
                0x08003e8c      0x1c0 ..\obj\stm32_it.o
                0x08003e8c                TIM4_IRQHandler
 .text.TIM7_IRQHandler
                0x0800404c       0x28 ..\obj\stm32_it.o
                0x0800404c                TIM7_IRQHandler
 .text.SysTick_Handler
                0x08004074       0x20 ..\obj\stm32_it.o
                0x08004074                SysTick_Handler
 .text.TIM2_IRQHandler
                0x08004094       0x4c ..\obj\stm32_it.o
                0x08004094                TIM2_IRQHandler
 .text.EP1_IN_Callback
                0x080040e0        0xc ..\obj\usb_endp.o
                0x080040e0                EP1_IN_Callback
 .text.Reset_Handler
                0x080040ec       0x44 ..\obj\startup_stm32f30x.o
                0x080040ec                Reset_Handler
 .text.Default_Handler
                0x08004130        0x2 ..\obj\startup_stm32f30x.o
                0x08004130                RTC_Alarm_IRQHandler
                0x08004130                TIM8_TRG_COM_IRQHandler
                0x08004130                TIM8_CC_IRQHandler
                0x08004130                TIM1_CC_IRQHandler
                0x08004130                PVD_IRQHandler
                0x08004130                EXTI3_IRQHandler
                0x08004130                EXTI0_IRQHandler
                0x08004130                I2C2_EV_IRQHandler
                0x08004130                FPU_IRQHandler
                0x08004130                EXTI2_TS_IRQHandler
                0x08004130                TIM1_UP_TIM16_IRQHandler
                0x08004130                ADC1_2_IRQHandler
                0x08004130                SPI1_IRQHandler
                0x08004130                TIM6_DAC_IRQHandler
                0x08004130                TIM8_UP_IRQHandler
                0x08004130                DMA2_Channel2_IRQHandler
                0x08004130                DMA1_Channel4_IRQHandler
                0x08004130                USART3_IRQHandler
                0x08004130                DMA1_Channel7_IRQHandler
                0x08004130                CAN1_RX1_IRQHandler
                0x08004130                UART5_IRQHandler
                0x08004130                ADC3_IRQHandler
                0x08004130                DMA2_Channel1_IRQHandler
                0x08004130                I2C1_EV_IRQHandler
                0x08004130                DMA1_Channel6_IRQHandler
                0x08004130                UART4_IRQHandler
                0x08004130                DMA2_Channel4_IRQHandler
                0x08004130                TIM3_IRQHandler
                0x08004130                RCC_IRQHandler
                0x08004130                DMA1_Channel1_IRQHandler
                0x08004130                Default_Handler
                0x08004130                USBWakeUp_RMP_IRQHandler
                0x08004130                EXTI15_10_IRQHandler
                0x08004130                EXTI9_5_IRQHandler
                0x08004130                TAMPER_STAMP_IRQHandler
                0x08004130                RTC_WKUP_IRQHandler
                0x08004130                SPI2_IRQHandler
                0x08004130                DMA2_Channel5_IRQHandler
                0x08004130                DMA1_Channel5_IRQHandler
                0x08004130                USB_LP_IRQHandler
                0x08004130                EXTI4_IRQHandler
                0x08004130                TIM1_TRG_COM_TIM17_IRQHandler
                0x08004130                ADC4_IRQHandler
                0x08004130                WWDG_IRQHandler
                0x08004130                COMP7_IRQHandler
                0x08004130                COMP1_2_3_IRQHandler
                0x08004130                EXTI1_IRQHandler
                0x08004130                USART2_IRQHandler
                0x08004130                COMP4_5_6_IRQHandler
                0x08004130                I2C2_ER_IRQHandler
                0x08004130                TIM8_BRK_IRQHandler
                0x08004130                CAN1_SCE_IRQHandler
                0x08004130                FLASH_IRQHandler
                0x08004130                USART1_IRQHandler
                0x08004130                SPI3_IRQHandler
                0x08004130                I2C1_ER_IRQHandler
                0x08004130                DMA2_Channel3_IRQHandler
                0x08004130                TIM1_BRK_TIM15_IRQHandler
 *fill*         0x08004132        0x2 
 .text.SYSCFG_EXTILineConfig
                0x08004134       0x94 ..\obj\stm32f30x_syscfg.o
                0x08004134                SYSCFG_EXTILineConfig
 .text.UserToPMABufferCopy
                0x080041c8       0x80 ..\obj\usb_mem.o
                0x080041c8                UserToPMABufferCopy
 .text.PMAToUserBufferCopy
                0x08004248       0x68 ..\obj\usb_mem.o
                0x08004248                PMAToUserBufferCopy
 .text.USB_Istr
                0x080042b0      0x23c ..\obj\usb_istr.o
                0x080042b0                USB_Istr
 .text.SOF_Callback
                0x080044ec       0xac ..\obj\usb_istr.o
                0x080044ec                SOF_Callback
 .text          0x08004598      0x114 c:/program files (x86)/gnu tools arm embedded/5.4 2016q3/bin/../lib/gcc/arm-none-eabi/5.4.1/armv6-m\libgcc.a(_udivsi3.o)
                0x08004598                __aeabi_uidiv
                0x08004598                __udivsi3
                0x080046a4                __aeabi_uidivmod
 .text          0x080046ac      0x1d4 c:/program files (x86)/gnu tools arm embedded/5.4 2016q3/bin/../lib/gcc/arm-none-eabi/5.4.1/armv6-m\libgcc.a(_divsi3.o)
                0x080046ac                __divsi3
                0x080046ac                __aeabi_idiv
                0x08004878                __aeabi_idivmod
 .text          0x08004880        0x4 c:/program files (x86)/gnu tools arm embedded/5.4 2016q3/bin/../lib/gcc/arm-none-eabi/5.4.1/armv6-m\libgcc.a(_dvmd_tls.o)
                0x08004880                __aeabi_idiv0
                0x08004880                __aeabi_ldiv0
 *(.glue_7t)
 .glue_7t       0x08004884        0x0 linker stubs
 *(.glue_7)
 .glue_7        0x08004884        0x0 linker stubs
 *(.rodata .rodata* .gnu.linkonce.r.*)
 .rodata        0x08004884       0xcc ..\obj\usb_desc.o
                0x08004884                MICROPHONE_DeviceDescriptor
                0x08004898                MICROPHONE_ConfigDescriptor
                0x08004908                MICROPHONE_StringLangID
                0x0800490c                MICROPHONE_StringVendor
                0x08004934                MICROPHONE_StringProduct
 .rodata        0x08004950       0x18 ..\obj\usb_pwr.o

.vfp11_veneer   0x08004968        0x0
 .vfp11_veneer  0x08004968        0x0 linker stubs

.v4_bx          0x08004968        0x0
 .v4_bx         0x08004968        0x0 linker stubs

.init           0x08004968        0x4
 .init          0x08004968        0x4 c:/program files (x86)/gnu tools arm embedded/5.4 2016q3/bin/../lib/gcc/arm-none-eabi/5.4.1/armv6-m/crti.o
                0x08004968                _init

.fini           0x0800496c        0x4
 .fini          0x0800496c        0x4 c:/program files (x86)/gnu tools arm embedded/5.4 2016q3/bin/../lib/gcc/arm-none-eabi/5.4.1/armv6-m/crti.o
                0x0800496c                _fini

.iplt           0x08004970        0x0
 .iplt          0x08004970        0x0 c:/program files (x86)/gnu tools arm embedded/5.4 2016q3/bin/../lib/gcc/arm-none-eabi/5.4.1/armv6-m/crtbegin.o

.rel.dyn        0x08004970        0x0
 .rel.iplt      0x08004970        0x0 c:/program files (x86)/gnu tools arm embedded/5.4 2016q3/bin/../lib/gcc/arm-none-eabi/5.4.1/armv6-m/crtbegin.o

.ARM.extab
 *(.ARM.extab* .gnu.linkonce.armextab.*)
                0x08004970                __exidx_start = .

.ARM.exidx
 *(.ARM.exidx* .gnu.linkonce.armexidx.*)
                0x08004970                __exidx_end = .
                0x08004970                . = ALIGN (0x4)
                0x08004970                _etext = .
                0x08004970                _sidata = .

.data           0x20000000       0xfc load address 0x08004970
                0x20000000                _sdata = .
 *(.data .data.*)
 .data          0x20000000       0x14 ..\obj\system_stm32f30x.o
                0x20000000                SystemCoreClock
                0x20000004                AHBPrescTable
 .data          0x20000014        0x8 ..\obj\Periph_init.o
                0x20000014                PWM_main_frequency
                0x20000018                PWM_frequency
 .data          0x2000001c       0x1a ..\obj\usb_desc.o
                0x2000001c                MICROPHONE_StringSerial
 *fill*         0x20000036        0x2 
 .data          0x20000038       0x88 ..\obj\usb_prop.o
                0x20000038                Device_Table
                0x2000003c                Device_Property
                0x2000006c                User_Standard_Requests
                0x20000090                Device_Descriptor
                0x20000098                Config_Descriptor
                0x200000a0                String_Descriptor
 .data          0x200000c0        0x1 ..\obj\usb_pwr.o
                0x200000c0                fSuspendEnabled
 *fill*         0x200000c1        0x3 
 .data          0x200000c4       0x38 ..\obj\usb_istr.o
                0x200000c4                pEpInt_IN
                0x200000e0                pEpInt_OUT
                0x200000fc                . = ALIGN (0x4)
                0x200000fc                _edata = .

.igot.plt       0x200000fc        0x0 load address 0x08004a6c
 .igot.plt      0x200000fc        0x0 c:/program files (x86)/gnu tools arm embedded/5.4 2016q3/bin/../lib/gcc/arm-none-eabi/5.4.1/armv6-m/crtbegin.o

.bss            0x20000100     0x66f8 load address 0x08004a70
                0x20000100                _sbss = .
 *(.bss .bss.*)
 .bss           0x20000100        0x1 ..\obj\usb_core.o
                0x20000100                Data_Mul_MaxPacketSize
 *fill*         0x20000101        0x3 
 .bss           0x20000104        0x4 ..\obj\usb_prop.o
                0x20000104                MUTE_DATA
 .bss           0x20000108        0x8 ..\obj\usb_pwr.o
                0x20000108                bDeviceState
                0x2000010c                remotewakeupon
 .bss           0x20000110        0xc ..\obj\usb_istr.o
                0x20000110                bIntPackSOF
                0x20000114                esof_counter
                0x20000118                wCNTR
 *(COMMON)
 COMMON         0x2000011c      0x62c ..\obj\MS5611.o
                0x2000011c                meanValue
                0x20000120                external_signal_buffer
                0x20000520                startSample
                0x20000522                addresBuffer
                0x20000524                SPI1_data_Rx
                0x20000528                pwmValue
                0x2000052c                SPI1_data_Tx
                0x20000530                sizeBuffer
                0x20000532                sendBytes
                0x20000533                usbStartdata
                0x20000534                clockChange
                0x20000538                USB_buffer3
                0x200005b8                counterPWMBuffer
                0x200005ba                time_counter
                0x200005bc                dataCheck
                0x200005be                sendSOF
                0x200005bf                checkIncrement2
                0x200005c0                incrementEnc1
                0x200005c1                checkIncrement1
                0x200005c2                send_data
                0x200005c3                SOFCount
                0x200005c4                numberOfSamplesPerFrame
                0x200005c5                incrementEnc2
                0x200005c8                USB_buffer
                0x200006c8                USB_buffer2
 COMMON         0x20000748        0x2 ..\obj\usb_core.o
                0x20000748                StatusInfo
 COMMON         0x2000074a        0x4 ..\obj\usb_int.o
                0x2000074a                SaveRState
                0x2000074c                SaveTState
 *fill*         0x2000074e        0x2 
 COMMON         0x20000750     0x5da0 ..\obj\hw_config.o
                0x20000750                positionEncoder2Old
                0x20000752                positionEncoder2
                0x20000754                HSEStartUpStatus
                0x20000755                slippagetime
                0x20000758                tempdata5
                0x20000760                sum_mean3
                0x20000768                sum_product
                0x20000770                sum_sqr1
                0x20000778                corr_final
                0x20000cf0                sum_sqrt2
                0x20000cf8                corData2
                0x20000d00                tempdata4
                0x20000d08                sqr3
                0x200017f8                mean2
                0x200022e8                product3
                0x20002dd8                corrSum
                0x20002ddc                acc_data
                0x20002de0                sum_sqr2
                0x20002de8                tempdata3
                0x20002df0                tempdata2
                0x20002df4                sqr1
                0x200038e4                checkMov1
                0x200038e8                sum_sqrt1
                0x200038f0                corData3
                0x200038f2                window_increment
                0x200038f4                sqr2
                0x200043e4                encDirect
                0x200043e6                global_incrementer
                0x200043e8                sum_product3
                0x200043f0                sum_mean1
                0x200043f4                positionEncoderOld
                0x200043f6                positionEncoder
                0x200043f8                checkMov2
                0x200043fc                EXTI_InitStructure
                0x20004404                mean3
                0x20004ef4                sum_mean2
                0x20004ef8                corr_result3
                0x20004efa                start_computing_Gain
                0x20004efc                tempdata1
                0x20004f00                corData1
                0x20004f02                corr_result
                0x20004f04                mean1
                0x200059f4                data_sample
                0x200059f8                sum_sqr3
                0x20005a00                product
 COMMON         0x200064f0       0x24 ..\obj\usb_pwr.o
                0x200064f0                ResumeS
                0x200064f4                EP
 COMMON         0x20006514       0x32 ..\obj\usb_init.o
                0x20006514                SaveState
                0x20006518                pProperty
                0x2000651c                EPindex
                0x20006520                Device_Info
                0x2000653c                pUser_Standard_Requests
                0x20006540                pInformation
                0x20006544                wInterrupt_Mask
 *fill*         0x20006546        0x2 
 COMMON         0x20006548      0x2a8 ..\obj\main.o
                0x20006548                Gain_Mult2
                0x20006560                A_pred
                0x2000656c                A
                0x20006578                K
                0x200066f8                usb_data_count
                0x200066fc                Gain_result
                0x20006714                Q_new
                0x20006724                Q
                0x20006734                USB_bufferZeros
                0x200067b4                Gain_Mult1
                0x200067cc                exti
                0x200067d4                G
                0x200067e0                Sys_delay
                0x200067e4                gyro_body
 COMMON         0x200067f0        0x2 ..\obj\stm32_it.o
                0x200067f0                Out_Data_Offset
 COMMON         0x200067f2        0x2 ..\obj\usb_endp.o
                0x200067f2                In_Data_Offset
 COMMON         0x200067f4        0x2 ..\obj\usb_istr.o
                0x200067f4                wIstr
                0x200067f8                . = ALIGN (0x4)
 *fill*         0x200067f6        0x2 
                0x200067f8                _ebss = .

.co_stack       0x200067f8        0x0
                0x200067f8                . = ALIGN (0x8)
 *(.co_stack .co_stack.*)
                0x200067f8                . = ALIGN (0x4)
                0x200067f8                _end = .
LOAD ..\obj\MS5611.o
LOAD ..\obj\usb_core.o
LOAD ..\obj\stm32f30x_rcc.o
LOAD ..\obj\stm32f3_discovery_lsm303dlhc.o
LOAD ..\obj\arm_common_tables.o
LOAD ..\obj\system_stm32f30x.o
LOAD ..\obj\Periph_init.o
LOAD ..\obj\usb_int.o
LOAD ..\obj\usb_desc.o
LOAD ..\obj\usb_regs.o
LOAD ..\obj\hw_config.o
LOAD ..\obj\usb_prop.o
LOAD ..\obj\stm32f30x_gpio.o
LOAD ..\obj\usb_pwr.o
LOAD ..\obj\usb_init.o
LOAD ..\obj\main.o
LOAD ..\obj\stm32f30x_dma.o
LOAD ..\obj\stm32f30x_exti.o
LOAD ..\obj\stm32f30x_spi.o
LOAD ..\obj\stm32f30x_i2c.o
LOAD ..\obj\arm_add_f32.o
LOAD ..\obj\usb_sil.o
LOAD ..\obj\system_stm32f30x_temp.o
LOAD ..\obj\syscalls.o
LOAD ..\obj\stm32f30x_misc.o
LOAD ..\obj\stm32f30x_tim.o
LOAD ..\obj\arm_cos_f32.o
LOAD ..\obj\stm32_it.o
LOAD ..\obj\usb_endp.o
LOAD ..\obj\startup_stm32f30x.o
LOAD ..\obj\stm32f30x_syscfg.o
LOAD ..\obj\Kalman.o
LOAD ..\obj\arm_sin_f32.o
LOAD ..\obj\Quaternion.o
LOAD ..\obj\usb_mem.o
LOAD ..\obj\stm32f3_discovery.o
LOAD ..\obj\usb_istr.o
LOAD ..\obj\stm32f30x_usart.o
LOAD ..\obj\arm_mult_f32.o
LOAD ..\..\..\..\..\..\..\..\..\..\..\Program Files (x86)\GNU Tools ARM Embedded\5.4 2016q3\arm-none-eabi\lib\armv6-m\libm.a
START GROUP
LOAD c:/program files (x86)/gnu tools arm embedded/5.4 2016q3/bin/../lib/gcc/arm-none-eabi/5.4.1/armv6-m\libgcc.a
LOAD ..\..\..\..\..\..\..\..\..\..\..\Program Files (x86)\GNU Tools ARM Embedded\5.4 2016q3\arm-none-eabi\lib\armv6-m\libg.a
LOAD ..\..\..\..\..\..\..\..\..\..\..\Program Files (x86)\GNU Tools ARM Embedded\5.4 2016q3\arm-none-eabi\lib\armv6-m\libc.a
END GROUP
LOAD c:/program files (x86)/gnu tools arm embedded/5.4 2016q3/bin/../lib/gcc/arm-none-eabi/5.4.1/armv6-m/crtend.o
LOAD c:/program files (x86)/gnu tools arm embedded/5.4 2016q3/bin/../lib/gcc/arm-none-eabi/5.4.1/armv6-m/crtn.o
OUTPUT(compass_new.elf elf32-littlearm)

.ARM.attributes
                0x00000000       0x2d
 .ARM.attributes
                0x00000000       0x1e c:/program files (x86)/gnu tools arm embedded/5.4 2016q3/bin/../lib/gcc/arm-none-eabi/5.4.1/armv6-m/crti.o
 .ARM.attributes
                0x0000001e       0x31 ..\obj\MS5611.o
 .ARM.attributes
                0x0000004f       0x31 ..\obj\usb_core.o
 .ARM.attributes
                0x00000080       0x31 ..\obj\stm32f30x_rcc.o
 .ARM.attributes
                0x000000b1       0x31 ..\obj\system_stm32f30x.o
 .ARM.attributes
                0x000000e2       0x31 ..\obj\Periph_init.o
 .ARM.attributes
                0x00000113       0x31 ..\obj\usb_int.o
 .ARM.attributes
                0x00000144       0x31 ..\obj\usb_desc.o
 .ARM.attributes
                0x00000175       0x31 ..\obj\usb_regs.o
 .ARM.attributes
                0x000001a6       0x31 ..\obj\hw_config.o
 .ARM.attributes
                0x000001d7       0x31 ..\obj\usb_prop.o
 .ARM.attributes
                0x00000208       0x31 ..\obj\stm32f30x_gpio.o
 .ARM.attributes
                0x00000239       0x31 ..\obj\usb_pwr.o
 .ARM.attributes
                0x0000026a       0x31 ..\obj\usb_init.o
 .ARM.attributes
                0x0000029b       0x31 ..\obj\main.o
 .ARM.attributes
                0x000002cc       0x31 ..\obj\stm32f30x_dma.o
 .ARM.attributes
                0x000002fd       0x31 ..\obj\stm32f30x_exti.o
 .ARM.attributes
                0x0000032e       0x31 ..\obj\stm32f30x_spi.o
 .ARM.attributes
                0x0000035f       0x31 ..\obj\usb_sil.o
 .ARM.attributes
                0x00000390       0x31 ..\obj\stm32f30x_misc.o
 .ARM.attributes
                0x000003c1       0x31 ..\obj\stm32f30x_tim.o
 .ARM.attributes
                0x000003f2       0x31 ..\obj\stm32_it.o
 .ARM.attributes
                0x00000423       0x31 ..\obj\usb_endp.o
 .ARM.attributes
                0x00000454       0x21 ..\obj\startup_stm32f30x.o
 .ARM.attributes
                0x00000475       0x31 ..\obj\stm32f30x_syscfg.o
 .ARM.attributes
                0x000004a6       0x31 ..\obj\usb_mem.o
 .ARM.attributes
                0x000004d7       0x31 ..\obj\usb_istr.o
 .ARM.attributes
                0x00000508       0x1e c:/program files (x86)/gnu tools arm embedded/5.4 2016q3/bin/../lib/gcc/arm-none-eabi/5.4.1/armv6-m\libgcc.a(_udivsi3.o)
 .ARM.attributes
                0x00000526       0x1e c:/program files (x86)/gnu tools arm embedded/5.4 2016q3/bin/../lib/gcc/arm-none-eabi/5.4.1/armv6-m\libgcc.a(_divsi3.o)
 .ARM.attributes
                0x00000544       0x1e c:/program files (x86)/gnu tools arm embedded/5.4 2016q3/bin/../lib/gcc/arm-none-eabi/5.4.1/armv6-m\libgcc.a(_dvmd_tls.o)

.comment        0x00000000       0x6e
 .comment       0x00000000       0x6e ..\obj\MS5611.o
                                 0x6f (size before relaxing)
 .comment       0x0000006e       0x6f ..\obj\usb_core.o
 .comment       0x0000006e       0x6f ..\obj\stm32f30x_rcc.o
 .comment       0x0000006e       0x6f ..\obj\system_stm32f30x.o
 .comment       0x0000006e       0x6f ..\obj\Periph_init.o
 .comment       0x0000006e       0x6f ..\obj\usb_int.o
 .comment       0x0000006e       0x6f ..\obj\usb_desc.o
 .comment       0x0000006e       0x6f ..\obj\usb_regs.o
 .comment       0x0000006e       0x6f ..\obj\hw_config.o
 .comment       0x0000006e       0x6f ..\obj\usb_prop.o
 .comment       0x0000006e       0x6f ..\obj\stm32f30x_gpio.o
 .comment       0x0000006e       0x6f ..\obj\usb_pwr.o
 .comment       0x0000006e       0x6f ..\obj\usb_init.o
 .comment       0x0000006e       0x6f ..\obj\main.o
 .comment       0x0000006e       0x6f ..\obj\stm32f30x_dma.o
 .comment       0x0000006e       0x6f ..\obj\stm32f30x_exti.o
 .comment       0x0000006e       0x6f ..\obj\stm32f30x_spi.o
 .comment       0x0000006e       0x6f ..\obj\usb_sil.o
 .comment       0x0000006e       0x6f ..\obj\stm32f30x_misc.o
 .comment       0x0000006e       0x6f ..\obj\stm32f30x_tim.o
 .comment       0x0000006e       0x6f ..\obj\stm32_it.o
 .comment       0x0000006e       0x6f ..\obj\usb_endp.o
 .comment       0x0000006e       0x6f ..\obj\stm32f30x_syscfg.o
 .comment       0x0000006e       0x6f ..\obj\usb_mem.o
 .comment       0x0000006e       0x6f ..\obj\usb_istr.o

.debug_info     0x00000000     0xd5a0
 .debug_info    0x00000000      0x5c6 ..\obj\MS5611.o
 .debug_info    0x000005c6      0xb7e ..\obj\usb_core.o
 .debug_info    0x00001144      0xacc ..\obj\stm32f30x_rcc.o
 .debug_info    0x00001c10      0x4bb ..\obj\system_stm32f30x.o
 .debug_info    0x000020cb      0xff1 ..\obj\Periph_init.o
 .debug_info    0x000030bc      0x1f3 ..\obj\usb_int.o
 .debug_info    0x000032af      0x3d4 ..\obj\usb_desc.o
 .debug_info    0x00003683      0xc87 ..\obj\usb_regs.o
 .debug_info    0x0000430a      0xe24 ..\obj\hw_config.o
 .debug_info    0x0000512e      0x9fa ..\obj\usb_prop.o
 .debug_info    0x00005b28      0x612 ..\obj\stm32f30x_gpio.o
 .debug_info    0x0000613a      0x53c ..\obj\usb_pwr.o
 .debug_info    0x00006676      0x454 ..\obj\usb_init.o
 .debug_info    0x00006aca     0x10a2 ..\obj\main.o
 .debug_info    0x00007b6c      0x47b ..\obj\stm32f30x_dma.o
 .debug_info    0x00007fe7      0x3c4 ..\obj\stm32f30x_exti.o
 .debug_info    0x000083ab      0xb7a ..\obj\stm32f30x_spi.o
 .debug_info    0x00008f25      0x186 ..\obj\usb_sil.o
 .debug_info    0x000090ab      0x556 ..\obj\stm32f30x_misc.o
 .debug_info    0x00009601     0x218c ..\obj\stm32f30x_tim.o
 .debug_info    0x0000b78d      0xbf4 ..\obj\stm32_it.o
 .debug_info    0x0000c381      0x31a ..\obj\usb_endp.o
 .debug_info    0x0000c69b      0x13b ..\obj\startup_stm32f30x.o
 .debug_info    0x0000c7d6      0x3ce ..\obj\stm32f30x_syscfg.o
 .debug_info    0x0000cba4      0x1d2 ..\obj\usb_mem.o
 .debug_info    0x0000cd76      0x82a ..\obj\usb_istr.o

.debug_abbrev   0x00000000     0x2560
 .debug_abbrev  0x00000000      0x167 ..\obj\MS5611.o
 .debug_abbrev  0x00000167      0x28d ..\obj\usb_core.o
 .debug_abbrev  0x000003f4      0x1ff ..\obj\stm32f30x_rcc.o
 .debug_abbrev  0x000005f3      0x147 ..\obj\system_stm32f30x.o
 .debug_abbrev  0x0000073a      0x1e1 ..\obj\Periph_init.o
 .debug_abbrev  0x0000091b       0xce ..\obj\usb_int.o
 .debug_abbrev  0x000009e9       0x7e ..\obj\usb_desc.o
 .debug_abbrev  0x00000a67      0x176 ..\obj\usb_regs.o
 .debug_abbrev  0x00000bdd      0x273 ..\obj\hw_config.o
 .debug_abbrev  0x00000e50      0x206 ..\obj\usb_prop.o
 .debug_abbrev  0x00001056      0x198 ..\obj\stm32f30x_gpio.o
 .debug_abbrev  0x000011ee      0x203 ..\obj\usb_pwr.o
 .debug_abbrev  0x000013f1      0x120 ..\obj\usb_init.o
 .debug_abbrev  0x00001511      0x2c5 ..\obj\main.o
 .debug_abbrev  0x000017d6      0x157 ..\obj\stm32f30x_dma.o
 .debug_abbrev  0x0000192d      0x17e ..\obj\stm32f30x_exti.o
 .debug_abbrev  0x00001aab      0x18b ..\obj\stm32f30x_spi.o
 .debug_abbrev  0x00001c36       0xbb ..\obj\usb_sil.o
 .debug_abbrev  0x00001cf1      0x147 ..\obj\stm32f30x_misc.o
 .debug_abbrev  0x00001e38      0x189 ..\obj\stm32f30x_tim.o
 .debug_abbrev  0x00001fc1      0x156 ..\obj\stm32_it.o
 .debug_abbrev  0x00002117       0x93 ..\obj\usb_endp.o
 .debug_abbrev  0x000021aa       0x12 ..\obj\startup_stm32f30x.o
 .debug_abbrev  0x000021bc      0x183 ..\obj\stm32f30x_syscfg.o
 .debug_abbrev  0x0000233f       0x9d ..\obj\usb_mem.o
 .debug_abbrev  0x000023dc      0x184 ..\obj\usb_istr.o

.debug_aranges  0x00000000      0xee0
 .debug_aranges
                0x00000000       0x38 ..\obj\MS5611.o
 .debug_aranges
                0x00000038       0xb0 ..\obj\usb_core.o
 .debug_aranges
                0x000000e8      0x150 ..\obj\stm32f30x_rcc.o
 .debug_aranges
                0x00000238       0x30 ..\obj\system_stm32f30x.o
 .debug_aranges
                0x00000268       0x58 ..\obj\Periph_init.o
 .debug_aranges
                0x000002c0       0x28 ..\obj\usb_int.o
 .debug_aranges
                0x000002e8       0x18 ..\obj\usb_desc.o
 .debug_aranges
                0x00000300      0x1f0 ..\obj\usb_regs.o
 .debug_aranges
                0x000004f0       0x58 ..\obj\hw_config.o
 .debug_aranges
                0x00000548       0x80 ..\obj\usb_prop.o
 .debug_aranges
                0x000005c8       0x80 ..\obj\stm32f30x_gpio.o
 .debug_aranges
                0x00000648       0x40 ..\obj\usb_pwr.o
 .debug_aranges
                0x00000688       0x20 ..\obj\usb_init.o
 .debug_aranges
                0x000006a8       0x78 ..\obj\main.o
 .debug_aranges
                0x00000720       0x70 ..\obj\stm32f30x_dma.o
 .debug_aranges
                0x00000790       0x58 ..\obj\stm32f30x_exti.o
 .debug_aranges
                0x000007e8      0x118 ..\obj\stm32f30x_spi.o
 .debug_aranges
                0x00000900       0x30 ..\obj\usb_sil.o
 .debug_aranges
                0x00000930       0x40 ..\obj\stm32f30x_misc.o
 .debug_aranges
                0x00000970      0x3a8 ..\obj\stm32f30x_tim.o
 .debug_aranges
                0x00000d18       0xa8 ..\obj\stm32_it.o
 .debug_aranges
                0x00000dc0       0x20 ..\obj\usb_endp.o
 .debug_aranges
                0x00000de0       0x28 ..\obj\startup_stm32f30x.o
 .debug_aranges
                0x00000e08       0x88 ..\obj\stm32f30x_syscfg.o
 .debug_aranges
                0x00000e90       0x28 ..\obj\usb_mem.o
 .debug_aranges
                0x00000eb8       0x28 ..\obj\usb_istr.o

.debug_ranges   0x00000000      0xe18
 .debug_ranges  0x00000000       0x28 ..\obj\MS5611.o
 .debug_ranges  0x00000028       0xa0 ..\obj\usb_core.o
 .debug_ranges  0x000000c8      0x140 ..\obj\stm32f30x_rcc.o
 .debug_ranges  0x00000208       0x20 ..\obj\system_stm32f30x.o
 .debug_ranges  0x00000228       0x48 ..\obj\Periph_init.o
 .debug_ranges  0x00000270       0x18 ..\obj\usb_int.o
 .debug_ranges  0x00000288      0x2b8 ..\obj\usb_regs.o
 .debug_ranges  0x00000540       0x48 ..\obj\hw_config.o
 .debug_ranges  0x00000588       0x70 ..\obj\usb_prop.o
 .debug_ranges  0x000005f8       0x70 ..\obj\stm32f30x_gpio.o
 .debug_ranges  0x00000668       0x30 ..\obj\usb_pwr.o
 .debug_ranges  0x00000698       0x10 ..\obj\usb_init.o
 .debug_ranges  0x000006a8       0x68 ..\obj\main.o
 .debug_ranges  0x00000710       0x60 ..\obj\stm32f30x_dma.o
 .debug_ranges  0x00000770       0x48 ..\obj\stm32f30x_exti.o
 .debug_ranges  0x000007b8      0x108 ..\obj\stm32f30x_spi.o
 .debug_ranges  0x000008c0       0x20 ..\obj\usb_sil.o
 .debug_ranges  0x000008e0       0x30 ..\obj\stm32f30x_misc.o
 .debug_ranges  0x00000910      0x398 ..\obj\stm32f30x_tim.o
 .debug_ranges  0x00000ca8       0x98 ..\obj\stm32_it.o
 .debug_ranges  0x00000d40       0x10 ..\obj\usb_endp.o
 .debug_ranges  0x00000d50       0x20 ..\obj\startup_stm32f30x.o
 .debug_ranges  0x00000d70       0x78 ..\obj\stm32f30x_syscfg.o
 .debug_ranges  0x00000de8       0x18 ..\obj\usb_mem.o
 .debug_ranges  0x00000e00       0x18 ..\obj\usb_istr.o

.debug_line     0x00000000     0x6c77
 .debug_line    0x00000000      0x2f0 ..\obj\MS5611.o
 .debug_line    0x000002f0      0x555 ..\obj\usb_core.o
 .debug_line    0x00000845      0x650 ..\obj\stm32f30x_rcc.o
 .debug_line    0x00000e95      0x28b ..\obj\system_stm32f30x.o
 .debug_line    0x00001120      0x4fb ..\obj\Periph_init.o
 .debug_line    0x0000161b      0x2f2 ..\obj\usb_int.o
 .debug_line    0x0000190d      0x269 ..\obj\usb_desc.o
 .debug_line    0x00001b76      0x7cc ..\obj\usb_regs.o
 .debug_line    0x00002342      0x4b8 ..\obj\hw_config.o
 .debug_line    0x000027fa      0x3cc ..\obj\usb_prop.o
 .debug_line    0x00002bc6      0x3eb ..\obj\stm32f30x_gpio.o
 .debug_line    0x00002fb1      0x3a1 ..\obj\usb_pwr.o
 .debug_line    0x00003352      0x20f ..\obj\usb_init.o
 .debug_line    0x00003561      0x5dd ..\obj\main.o
 .debug_line    0x00003b3e      0x3db ..\obj\stm32f30x_dma.o
 .debug_line    0x00003f19      0x366 ..\obj\stm32f30x_exti.o
 .debug_line    0x0000427f      0x635 ..\obj\stm32f30x_spi.o
 .debug_line    0x000048b4      0x236 ..\obj\usb_sil.o
 .debug_line    0x00004aea      0x307 ..\obj\stm32f30x_misc.o
 .debug_line    0x00004df1      0xd64 ..\obj\stm32f30x_tim.o
 .debug_line    0x00005b55      0x419 ..\obj\stm32_it.o
 .debug_line    0x00005f6e      0x279 ..\obj\usb_endp.o
 .debug_line    0x000061e7       0xef ..\obj\startup_stm32f30x.o
 .debug_line    0x000062d6      0x3a1 ..\obj\stm32f30x_syscfg.o
 .debug_line    0x00006677      0x255 ..\obj\usb_mem.o
 .debug_line    0x000068cc      0x3ab ..\obj\usb_istr.o

.debug_str      0x00000000     0x4d80
 .debug_str     0x00000000      0x478 ..\obj\MS5611.o
                                0x502 (size before relaxing)
 .debug_str     0x00000478      0x7fc ..\obj\usb_core.o
                                0xaa4 (size before relaxing)
 .debug_str     0x00000c74      0x693 ..\obj\stm32f30x_rcc.o
                                0x843 (size before relaxing)
 .debug_str     0x00001307      0x140 ..\obj\system_stm32f30x.o
                                0x351 (size before relaxing)
 .debug_str     0x00001447      0xbb6 ..\obj\Periph_init.o
                               0x100e (size before relaxing)
 .debug_str     0x00001ffd       0xb6 ..\obj\usb_int.o
                                0x237 (size before relaxing)
 .debug_str     0x000020b3      0x118 ..\obj\usb_desc.o
                                0x46e (size before relaxing)
 .debug_str     0x000021cb      0x442 ..\obj\usb_regs.o
                                0x5c0 (size before relaxing)
 .debug_str     0x0000260d      0x34b ..\obj\hw_config.o
                                0xfa8 (size before relaxing)
 .debug_str     0x00002958      0x223 ..\obj\usb_prop.o
                                0xac0 (size before relaxing)
 .debug_str     0x00002b7b      0x1d2 ..\obj\stm32f30x_gpio.o
                                0x4ee (size before relaxing)
 .debug_str     0x00002d4d      0x190 ..\obj\usb_pwr.o
                                0x42a (size before relaxing)
 .debug_str     0x00002edd       0x92 ..\obj\usb_init.o
                                0x578 (size before relaxing)
 .debug_str     0x00002f6f      0x24f ..\obj\main.o
                                0xd4e (size before relaxing)
 .debug_str     0x000031be      0x17f ..\obj\stm32f30x_dma.o
                                0x3ff (size before relaxing)
 .debug_str     0x0000333d      0x16f ..\obj\stm32f30x_exti.o
                                0x3cf (size before relaxing)
 .debug_str     0x000034ac      0x417 ..\obj\stm32f30x_spi.o
                                0x816 (size before relaxing)
 .debug_str     0x000038c3       0xd4 ..\obj\usb_sil.o
                                0x246 (size before relaxing)
 .debug_str     0x00003997      0x14e ..\obj\stm32f30x_misc.o
                                0x41d (size before relaxing)
 .debug_str     0x00003ae5      0xbde ..\obj\stm32f30x_tim.o
                                0xfc6 (size before relaxing)
 .debug_str     0x000046c3      0x1f2 ..\obj\stm32_it.o
                                0x8dd (size before relaxing)
 .debug_str     0x000048b5       0x8f ..\obj\usb_endp.o
                                0x3f4 (size before relaxing)
 .debug_str     0x00004944      0x2b8 ..\obj\stm32f30x_syscfg.o
                                0x44f (size before relaxing)
 .debug_str     0x00004bfc       0xd6 ..\obj\usb_mem.o
                                0x238 (size before relaxing)
 .debug_str     0x00004cd2       0xae ..\obj\usb_istr.o
                                0x6f7 (size before relaxing)

.debug_frame    0x00000000     0x3288
 .debug_frame   0x00000000       0x90 ..\obj\MS5611.o
 .debug_frame   0x00000090      0x260 ..\obj\usb_core.o
 .debug_frame   0x000002f0      0x4e4 ..\obj\stm32f30x_rcc.o
 .debug_frame   0x000007d4       0x6c ..\obj\system_stm32f30x.o
 .debug_frame   0x00000840      0x110 ..\obj\Periph_init.o
 .debug_frame   0x00000950       0x50 ..\obj\usb_int.o
 .debug_frame   0x000009a0      0x75c ..\obj\usb_regs.o
 .debug_frame   0x000010fc      0x108 ..\obj\hw_config.o
 .debug_frame   0x00001204      0x19c ..\obj\usb_prop.o
 .debug_frame   0x000013a0      0x1b0 ..\obj\stm32f30x_gpio.o
 .debug_frame   0x00001550       0xac ..\obj\usb_pwr.o
 .debug_frame   0x000015fc       0x2c ..\obj\usb_init.o
 .debug_frame   0x00001628      0x18c ..\obj\main.o
 .debug_frame   0x000017b4      0x170 ..\obj\stm32f30x_dma.o
 .debug_frame   0x00001924      0x10c ..\obj\stm32f30x_exti.o
 .debug_frame   0x00001a30      0x410 ..\obj\stm32f30x_spi.o
 .debug_frame   0x00001e40       0x6c ..\obj\usb_sil.o
 .debug_frame   0x00001eac       0xb0 ..\obj\stm32f30x_misc.o
 .debug_frame   0x00001f5c      0xe50 ..\obj\stm32f30x_tim.o
 .debug_frame   0x00002dac      0x208 ..\obj\stm32_it.o
 .debug_frame   0x00002fb4       0x2c ..\obj\usb_endp.o
 .debug_frame   0x00002fe0      0x1cc ..\obj\stm32f30x_syscfg.o
 .debug_frame   0x000031ac       0x50 ..\obj\usb_mem.o
 .debug_frame   0x000031fc       0x4c ..\obj\usb_istr.o
 .debug_frame   0x00003248       0x20 c:/program files (x86)/gnu tools arm embedded/5.4 2016q3/bin/../lib/gcc/arm-none-eabi/5.4.1/armv6-m\libgcc.a(_udivsi3.o)
 .debug_frame   0x00003268       0x20 c:/program files (x86)/gnu tools arm embedded/5.4 2016q3/bin/../lib/gcc/arm-none-eabi/5.4.1/armv6-m\libgcc.a(_divsi3.o)
